// Jest Snapshot v1, https://goo.gl/fbAQLP

exports[`<BookingDescription /> should render correctly 1`] = `
{
  "asFragment": [Function],
  "baseElement": <body>
    <div>
      <table
        class="sc-bdfCDU jqNSQk"
      >
        <tbody>
          <tr>
            <td
              class="sc-dlfmHC iQFkgf"
            >
              Name:
            </td>
            <td
              class="sc-hKgKIp hjxdtj"
              data-testid="name"
            >
              Julia
            </td>
          </tr>
          <tr>
            <td
              class="sc-dlfmHC iQFkgf"
            >
              Email:
            </td>
            <td
              class="sc-hKgKIp hjxdtj"
              data-testid="email"
            >
              julia@teste.com
            </td>
          </tr>
          <tr>
            <td
              class="sc-dlfmHC iQFkgf"
            >
              Period:
            </td>
            <td
              class="sc-hKgKIp hjxdtj"
              data-testid="period"
            >
              12/19/2023
               -
               
              12/26/2023
            </td>
          </tr>
          <tr>
            <td
              class="sc-dlfmHC iQFkgf"
            >
              Qty of Nights:
            </td>
            <td
              class="sc-hKgKIp hjxdtj"
            >
              7
            </td>
          </tr>
          <tr>
            <td
              class="sc-dlfmHC iQFkgf"
            >
              Bedroom nº:
            </td>
            <td
              class="sc-hKgKIp hjxdtj"
              data-testid="bedroom-number"
            >
              3
            </td>
          </tr>
          <tr>
            <td
              class="sc-dlfmHC iQFkgf"
            >
              Qty of Guests:
            </td>
            <td
              class="sc-hKgKIp hjxdtj"
              data-testid="qty-guests"
            >
              3
            </td>
          </tr>
          <tr>
            <td
              class="sc-dlfmHC iQFkgf"
            >
              Total Price:
            </td>
            <td
              class="sc-hKgKIp hjxdtj"
              data-testid="total-price"
            >
              $ 
              450
            </td>
          </tr>
        </tbody>
      </table>
    </div>
  </body>,
  "container": <div>
    <table
      class="sc-bdfCDU jqNSQk"
    >
      <tbody>
        <tr>
          <td
            class="sc-dlfmHC iQFkgf"
          >
            Name:
          </td>
          <td
            class="sc-hKgKIp hjxdtj"
            data-testid="name"
          >
            Julia
          </td>
        </tr>
        <tr>
          <td
            class="sc-dlfmHC iQFkgf"
          >
            Email:
          </td>
          <td
            class="sc-hKgKIp hjxdtj"
            data-testid="email"
          >
            julia@teste.com
          </td>
        </tr>
        <tr>
          <td
            class="sc-dlfmHC iQFkgf"
          >
            Period:
          </td>
          <td
            class="sc-hKgKIp hjxdtj"
            data-testid="period"
          >
            12/19/2023
             -
             
            12/26/2023
          </td>
        </tr>
        <tr>
          <td
            class="sc-dlfmHC iQFkgf"
          >
            Qty of Nights:
          </td>
          <td
            class="sc-hKgKIp hjxdtj"
          >
            7
          </td>
        </tr>
        <tr>
          <td
            class="sc-dlfmHC iQFkgf"
          >
            Bedroom nº:
          </td>
          <td
            class="sc-hKgKIp hjxdtj"
            data-testid="bedroom-number"
          >
            3
          </td>
        </tr>
        <tr>
          <td
            class="sc-dlfmHC iQFkgf"
          >
            Qty of Guests:
          </td>
          <td
            class="sc-hKgKIp hjxdtj"
            data-testid="qty-guests"
          >
            3
          </td>
        </tr>
        <tr>
          <td
            class="sc-dlfmHC iQFkgf"
          >
            Total Price:
          </td>
          <td
            class="sc-hKgKIp hjxdtj"
            data-testid="total-price"
          >
            $ 
            450
          </td>
        </tr>
      </tbody>
    </table>
  </div>,
  "debug": [Function],
  "findAllByAltText": [Function],
  "findAllByDisplayValue": [Function],
  "findAllByLabelText": [Function],
  "findAllByPlaceholderText": [Function],
  "findAllByRole": [Function],
  "findAllByTestId": [Function],
  "findAllByText": [Function],
  "findAllByTitle": [Function],
  "findByAltText": [Function],
  "findByDisplayValue": [Function],
  "findByLabelText": [Function],
  "findByPlaceholderText": [Function],
  "findByRole": [Function],
  "findByTestId": [Function],
  "findByText": [Function],
  "findByTitle": [Function],
  "getAllByAltText": [Function],
  "getAllByDisplayValue": [Function],
  "getAllByLabelText": [Function],
  "getAllByPlaceholderText": [Function],
  "getAllByRole": [Function],
  "getAllByTestId": [Function],
  "getAllByText": [Function],
  "getAllByTitle": [Function],
  "getByAltText": [Function],
  "getByDisplayValue": [Function],
  "getByLabelText": [Function],
  "getByPlaceholderText": [Function],
  "getByRole": [Function],
  "getByTestId": [Function],
  "getByText": [Function],
  "getByTitle": [Function],
  "queryAllByAltText": [Function],
  "queryAllByDisplayValue": [Function],
  "queryAllByLabelText": [Function],
  "queryAllByPlaceholderText": [Function],
  "queryAllByRole": [Function],
  "queryAllByTestId": [Function],
  "queryAllByText": [Function],
  "queryAllByTitle": [Function],
  "queryByAltText": [Function],
  "queryByDisplayValue": [Function],
  "queryByLabelText": [Function],
  "queryByPlaceholderText": [Function],
  "queryByRole": [Function],
  "queryByTestId": [Function],
  "queryByText": [Function],
  "queryByTitle": [Function],
  "rerender": [Function],
  "unmount": [Function],
}
`;
